BBBBBBBBBBBBBBBBBBBBBBBBBBBBBBBBBBBBBBBBB
B                  B                    B 
B                  B                    B
B                  B                    B
B                  B                    B
B                  B                    B
B                  BBBBBB          E    B
B                              BBBBBBBBBB
B                     E           E     B
B                  WBBBBBBB  BBBBBBBBB  B
B                  WBBBBBBB  BBBBBBBBB  B
B                  WBBBBBBB  BBBBBBBBB  B
B                  WBBBBBBB  BBBBBBBBB  B
B                  WBBBBB      BBBBBBB  B
B        BBBBBBBBBBBBBBBB      BBBBBBB  B
B   B              BBBBBB      BBBBBBB  B
B              E           E   BBBBBBB  B
B           BBBBBBBBBBBBBBBBBBBBBBBBBB  B
B                  BBBBBBBBBBBBBBBBBBB  B
B      B                                B
B                                       B
B   B             WBBB                  B
B        E       WBBBBB                 B
B    BBBBBB     WBBBBBBBB               B
B    E         WBBBBBBBBBB       E      B
BBBBBBBBBBBBBBBBBBBBBBBBBBBBBBBBBBBBBBBBB