BBBBBBBBBBBBBBBBBBBBBBBBBBBBBBBBBBBBBBBBBBBBBBBBBBBBBBBBBBBBBBBBBBBBBBBBBBBBBBBBBBBBBBBBBBBBBB
B                  B                                                                         B
B                  B   E                                                                     B                                              
B                  B  BBB                                     BBBW    E                      B                                             
B                  B                                                BBBW                     B                                             
B                  B                                                        BBBW        E    B                                             
B                  B                                                                  BBBB   B                                             
B                  BBBBBB          E                                                         B                                             
B                              BBBBBBBB                                       BBBW           B                                             
B                                                                      E              WWWWWWWB                                              
B                                                                    BBBW             B      B                                             
B                                                                                         E  B                                             
B                                                               B                     B  BBB B                                             
B                                                                                     B      B                                             
B                                  E                         B                            E  B                                             
B                              BBBBBBBB          WWW                                  B  BBB B
BBBBBBBBBBBBBBBBBBBBBBBBBBBBBBBBBBBBBBBBBBBBBBBBBBBBBBBBBBBBBBBBBBBBBBBBBBBBBBBBBBBBBBBBBBBBBB